
10-17 15:09:09.896 24031 24116 I bluetooth: system/gd/hci/le_address_manager.cc:576 GetNextPrivateAddressIntervalRange: client=LeAddressManager, nonwake=7m22s, wake=13m33s
10-17 15:09:09.952 24031 24116 I bluetooth: system/gd/hci/le_address_manager.cc:777 OnCommandComplete: Received command complete with op_code LE_SET_RANDOM_ADDRESS(0x2005)
10-17 15:09:09.952 24031 24116 I bluetooth: system/gd/hci/le_address_manager.cc:797 OnCommandComplete: update random address : xx:xx:xx:xx:da:7d
10-17 15:09:41.671 25060 25141 W Firestore: (25.1.4) [WriteStream]: (544f13e) Stream closed with status: Status{code=UNAVAILABLE, description=Unable to resolve host firestore.googleapis.com, cause=java.lang.RuntimeException: java.net.UnknownHostException: Unable to resolve host "firestore.googleapis.com": No address associated with hostname
10-17 15:09:41.671 25060 25141 W Firestore: 	at io.grpc.internal.DnsNameResolver.resolveAddresses(DnsNameResolver.java:223)
10-17 15:09:41.671 25060 25141 W Firestore: 	at io.grpc.internal.DnsNameResolver.doResolve(DnsNameResolver.java:282)
10-17 15:09:41.671 25060 25141 W Firestore: 	at io.grpc.internal.DnsNameResolver$Resolve.run(DnsNameResolver.java:318)
10-17 15:09:41.671 25060 25141 W Firestore: 	at java.util.concurrent.ThreadPoolExecutor.runWorker(ThreadPoolExecutor.java:1156)
10-17 15:09:41.671 25060 25141 W Firestore: 	at java.util.concurrent.ThreadPoolExecutor$Worker.run(ThreadPoolExecutor.java:651)
10-17 15:09:41.671 25060 25141 W Firestore: 	at java.lang.Thread.run(Thread.java:1119)
10-17 15:09:41.671 25060 25141 W Firestore: Caused by: java.net.UnknownHostException: Unable to resolve host "firestore.googleapis.com": No address associated with hostname
10-17 15:09:41.671 25060 25141 W Firestore: 	at java.net.Inet6AddressImpl.lookupHostByName(Inet6AddressImpl.java:156)
10-17 15:09:41.671 25060 25141 W Firestore: 	at java.net.Inet6AddressImpl.lookupAllHostAddr(Inet6AddressImpl.java:103)
10-17 15:09:41.671 25060 25141 W Firestore: 	at java.net.InetAddress.getAllByName(InetAddress.java:1152)
10-17 15:09:41.671 25060 25141 W Firestore: 	at io.grpc.internal.DnsNameResolver$JdkAddressResolver.resolveAddress(DnsNameResolver.java:632)
10-17 15:09:41.671 25060 25141 W Firestore: 	at io.grpc.internal.DnsNameResolver.resolveAddresses(DnsNameResolver.java:219)
10-17 15:09:41.671 25060 25141 W Firestore: 	... 5 more
10-17 15:09:41.671 25060 25141 W Firestore: Caused by: android.system.GaiException: android_getaddrinfo failed: EAI_NODATA (No address associated with hostname)
10-17 15:09:41.671 25060 25141 W Firestore: 	at libcore.io.Linux.android_getaddrinfo(Native Method)
10-17 15:09:41.671 25060 25141 W Firestore: 	at libcore.io.ForwardingOs.android_getaddrinfo(ForwardingOs.java:133)
10-17 15:09:41.671 25060 25141 W Firestore: 	at libcore.io.BlockGuardOs.android_getaddrinfo(BlockGuardOs.java:222)
10-17 15:09:41.671 25060 25141 W Firestore: 	at libcore.io.ForwardingOs.android_getaddrinfo(ForwardingOs.java:133)
10-17 15:09:41.671 25060 25141 W Firestore: 	at java.net.Inet6AddressImpl.lookupHostByName(Inet6AddressImpl.java:135)
10-17 15:09:41.671 25060 25141 W Firestore: 	... 9 more
10-17 15:09:41.671 25060 25141 W Firestore: }.
10-17 15:09:59.206   802  2301 D WifiNative: Scan result ready event
10-17 15:10:11.579   802  1092 D BackgroundInstallControlService: Package event received: 0
10-17 15:10:12.586   802  2301 V GrammaticalInflectionUtils: AttributionSource: android.content.AttributionSource@6973ada1 does not have READ_SYSTEM_GRAMMATICAL_GENDER permission.
10-17 15:10:13.101   802  1092 D BackgroundInstallControlService: Package event received: 0
10-17 15:10:13.102   802  1092 D BackgroundInstallControlService: Package event received: 0
10-17 15:10:13.619   802   854 W IPCThreadState: Sending oneway calls to frozen process.
10-17 15:10:13.624   802   854 W IPCThreadState: Sending oneway calls to frozen process.
10-17 15:10:13.624   802   854 W IPCThreadState: Sending oneway calls to frozen process.
10-17 15:10:13.631   802   854 W IPCThreadState: Sending oneway calls to frozen process.
10-17 15:10:13.633   802   854 W IPCThreadState: Sending oneway calls to frozen process.
10-17 15:10:13.633   802   854 W IPCThreadState: Sending oneway calls to frozen process.
10-17 15:10:13.635   802  1092 D BackgroundInstallControlService: Package event received: 0
10-17 15:10:13.635   802  1092 D BackgroundInstallControlService: Package event received: 0
10-17 15:10:13.635   802  1092 D BackgroundInstallControlService: Package event received: 0
10-17 15:10:13.638   802   854 W IPCThreadState: Sending oneway calls to frozen process.
10-17 15:10:13.638   802   854 W IPCThreadState: Sending oneway calls to frozen process.
10-17 15:10:13.639   802   854 W IPCThreadState: Sending oneway calls to frozen process.
10-17 15:10:13.639   802   854 W IPCThreadState: Sending oneway calls to frozen process.
10-17 15:10:13.640   802   854 W IPCThreadState: Sending oneway calls to frozen process.
10-17 15:10:13.648   802   854 W IPCThreadState: Sending oneway calls to frozen process.
10-17 15:10:13.648   802   854 W IPCThreadState: Sending oneway calls to frozen process.
10-17 15:10:13.654   802   854 W IPCThreadState: Sending oneway calls to frozen process.
10-17 15:10:13.656   802   854 W IPCThreadState: Sending oneway calls to frozen process.
10-17 15:10:13.656   802   854 W IPCThreadState: Sending oneway calls to frozen process.
10-17 15:10:13.658   802   854 W IPCThreadState: Sending oneway calls to frozen process.
10-17 15:10:13.659   802   854 W IPCThreadState: Sending oneway calls to frozen process.
10-17 15:10:13.673   802   854 W IPCThreadState: Sending oneway calls to frozen process.
10-17 15:10:13.675   802   854 W IPCThreadState: Sending oneway calls to frozen process.
10-17 15:10:13.675   802   854 W IPCThreadState: Sending oneway calls to frozen process.
10-17 15:10:13.683   802   854 W IPCThreadState: Sending oneway calls to frozen process.
10-17 15:10:13.687   802   854 W IPCThreadState: Sending oneway calls to frozen process.
10-17 15:10:13.694   802   854 W IPCThreadState: Sending oneway calls to frozen process.
10-17 15:10:13.695   802   854 W IPCThreadState: Sending oneway calls to frozen process.
10-17 15:10:13.695   802   854 W IPCThreadState: Sending oneway calls to frozen process.
10-17 15:10:13.699   802   854 W IPCThreadState: Sending oneway calls to frozen process.
10-17 15:10:13.699   802   854 W IPCThreadState: Sending oneway calls to frozen process.
10-17 15:10:13.699   802   854 W IPCThreadState: Sending oneway calls to frozen process.
10-17 15:10:13.710   802   854 W IPCThreadState: Sending oneway calls to frozen process.
10-17 15:10:13.716   802   854 W IPCThreadState: Sending oneway calls to frozen process.
10-17 15:10:13.723   802  1092 D BackgroundInstallControlService: Package event received: 0
10-17 15:10:13.723   802  1092 D BackgroundInstallControlService: Package event received: 0
10-17 15:10:13.732   802   854 W IPCThreadState: Sending oneway calls to frozen process.
10-17 15:10:13.744   802   854 W IPCThreadState: Sending oneway calls to frozen process.
10-17 15:10:13.745   802   854 W IPCThreadState: Sending oneway calls to frozen process.
10-17 15:10:13.746   802   854 W IPCThreadState: Sending oneway calls to frozen process.
10-17 15:10:13.748   802   854 W IPCThreadState: Sending oneway calls to frozen process.
10-17 15:10:13.755   802   854 W IPCThreadState: Sending oneway calls to frozen process.
10-17 15:10:13.756   802   854 W IPCThreadState: Sending oneway calls to frozen process.
10-17 15:10:13.767   802   854 W IPCThreadState: Sending oneway calls to frozen process.
10-17 15:10:13.769   802   854 W IPCThreadState: Sending oneway calls to frozen process.
10-17 15:10:13.770   802   854 W IPCThreadState: Sending oneway calls to frozen process.
10-17 15:10:13.770   802   854 W IPCThreadState: Sending oneway calls to frozen process.
10-17 15:10:13.771   802   854 W IPCThreadState: Sending oneway calls to frozen process.
10-17 15:10:13.772   802   854 W IPCThreadState: Sending oneway calls to frozen process.
10-17 15:10:13.786   802   854 W IPCThreadState: Sending oneway calls to frozen process.
10-17 15:10:13.787   802   854 W IPCThreadState: Sending oneway calls to frozen process.
10-17 15:10:13.788   802   854 W IPCThreadState: Sending oneway calls to frozen process.
10-17 15:10:13.790   802   854 W IPCThreadState: Sending oneway calls to frozen process.
10-17 15:10:13.791   802   854 W IPCThreadState: Sending oneway calls to frozen process.
10-17 15:10:13.806   802   854 W IPCThreadState: Sending oneway calls to frozen process.
10-17 15:10:13.811   802   854 W IPCThreadState: Sending oneway calls to frozen process.
10-17 15:10:13.812   802   854 W IPCThreadState: Sending oneway calls to frozen process.
10-17 15:10:13.821   802   854 W IPCThreadState: Sending oneway calls to frozen process.
10-17 15:10:13.821   802   854 W IPCThreadState: Sending oneway calls to frozen process.
10-17 15:10:13.822   802   854 W IPCThreadState: Sending oneway calls to frozen process.
10-17 15:10:13.835   802   854 W IPCThreadState: Sending oneway calls to frozen process.
10-17 15:10:13.841   802   854 W IPCThreadState: Sending oneway calls to frozen process.
10-17 15:10:13.889   802  1092 D BackgroundInstallControlService: Package event received: 0
10-17 15:10:13.889   802  1092 D BackgroundInstallControlService: Package event received: 0
10-17 15:10:13.889   802  1092 D BackgroundInstallControlService: Package event received: 0
10-17 15:10:13.889   802  1092 D BackgroundInstallControlService: Package event received: 0
10-17 15:10:13.889   802  1092 D BackgroundInstallControlService: Package event received: 0
10-17 15:10:13.912   802  1092 D BackgroundInstallControlService: Package event received: 0
10-17 15:10:13.950   802  1092 D BackgroundInstallControlService: Package event received: 0
10-17 15:10:14.021   802  2301 D ActivityManager: sync unfroze 9193 com.google.android.webview:sandboxed_process0:org.chromium.content.app.SandboxedProcessService0:0 for 6
10-17 15:10:16.625 19003 19165 I ActivityScheduler: nextTriggerTime: 13799176, in 238096ms, detectorType: 39, FULL_TYPE alarmWindowMillis: 80000
10-17 15:10:18.546  8080  8111 I id.gms.unstable: Explicit concurrent mark compact GC freed 712KB AllocSpace bytes, 1(80KB) LOS objects, 49% free, 3509KB/7018KB, paused 9.445ms,21.549ms total 2.465s
10-17 15:10:20.948 25060 25272 W LocalRequestInterceptor: Error getting App Check token; using placeholder token instead. Error: com.google.firebase.FirebaseException: Error returned from API. code: 403 body: Firebase App Check API has not been used in project 471429994693 before or it is disabled. Enable it by visiting https://console.developers.google.com/apis/api/firebaseappcheck.googleapis.com/overview?project=471429994693 then retry. If you enabled this API recently, wait a few minutes for the action to propagate to our systems and retry.
10-17 15:10:20.977   802  1092 D BackgroundInstallControlService: Package event received: 0
10-17 15:10:22.513 25060 25060 I flutter : Ô£à FIREBASE: Firebase Messaging inicializado com sucesso
10-17 15:10:22.515 25060 25060 I flutter : Ô£à FIREBASE: Messaging inicializado
10-17 15:10:22.608 25060 25060 I flutter : Ô£à NETWORK: Monitoramento de rede inicializado
10-17 15:10:22.662   802  1912 D ConnectivityService: requestNetwork for uid/pid:10252/25060 activeRequest: null callbackRequest: 440 [NetworkRequest [ REQUEST id=441, [ Capabilities: INTERNET&NOT_RESTRICTED&TRUSTED&NOT_VCN_MANAGED&NOT_BANDWIDTH_CONSTRAINED Uid: 10252 RequestorUid: 10252 RequestorPkg: com.lorecout.finansapp UnderlyingNetworks: Null] ]] callback flags: 0 order: 2147483647 isUidTracked: false declaredMethods: AVAIL|LOST|NC
10-17 15:10:22.682   802  1029 D ConnectivityService: NetReassign [441 : null ÔåÆ 104] [c 3] [a 9] [i 3]
10-17 15:10:23.051 25060 25307 I DynamiteModule: Considering local module com.google.android.gms.ads.dynamite:0 and remote module com.google.android.gms.ads.dynamite:253405700
10-17 15:10:23.051 25060 25307 I DynamiteModule: Selected remote version of com.google.android.gms.ads.dynamite, version >= 253405700
10-17 15:10:23.466 25060 25307 D DynamitePackage: Instantiated singleton DynamitePackage.
10-17 15:10:23.466 25060 25307 D DynamitePackage: Instantiating com.google.android.gms.ads.ChimeraMobileAdsSettingManagerCreatorImpl
10-17 15:10:23.632   802  1912 D ConnectivityService: requestNetwork for uid/pid:10252/25060 activeRequest: null callbackRequest: 442 [NetworkRequest [ REQUEST id=443, [ Capabilities: INTERNET&NOT_RESTRICTED&TRUSTED&NOT_VCN_MANAGED&NOT_BANDWIDTH_CONSTRAINED Uid: 10252 RequestorUid: 10252 RequestorPkg: com.lorecout.finansapp UnderlyingNetworks: Null] ]] callback flags: 0 order: 2147483647 isUidTracked: false declaredMethods: AVAIL|LOST
10-17 15:10:23.639   802  1029 D ConnectivityService: NetReassign [443 : null ÔåÆ 104] [c 0] [a 1] [i 1]
10-17 15:10:23.956 25060 25060 I flutter : Ô£à ADMOB: AdMob inicializado com sucesso
10-17 15:10:23.961 25060 25326 D CompatChangeReporter: Compat change id reported: 288912692; UID 10252; state: ENABLED
10-17 15:10:23.980 25060 25060 I flutter : ­ƒÜÇ AD INTEGRATION: Inicializando servi├ºos de an├║ncios...
10-17 15:10:24.000   802  1092 D BackgroundInstallControlService: Package event received: 0
10-17 15:10:24.047   802  1092 D BackgroundInstallControlService: Package event received: 0
10-17 15:10:25.270   802  1092 D BackgroundInstallControlService: Package event received: 0
10-17 15:10:25.279   802  2301 D ActivityManager: sync unfroze 4282 com.google.android.webview:webview_service for 6
10-17 15:10:25.647 25060 25060 I cr_CombinedPProvider: #registerProvider() provider:WV.zj@bb73511 isPolicyCacheEnabled:false policyProvidersSize:0
10-17 15:10:25.707   802  2301 V GrammaticalInflectionUtils: AttributionSource: android.content.AttributionSource@1c283242 does not have READ_SYSTEM_GRAMMATICAL_GENDER permission.
10-17 15:10:25.916   802  1092 D BackgroundInstallControlService: Package event received: 0
10-17 15:10:26.147   802   862 I ActivityManager: Start proc 25335:com.google.android.webview:sandboxed_process0:org.chromium.content.app.SandboxedProcessService0:0/u0i19 for  {com.lorecout.finansapp/org.chromium.content.app.SandboxedProcessService0:0}
10-17 15:10:26.621   802  1092 D BackgroundInstallControlService: Package event received: 0
10-17 15:10:27.448 25335 25335 I cr_WebViewApkApp: version=140.0.7339.207 (733920738) minSdkVersion=29 processName=com.google.android.webview:sandboxed_process0:org.chromium.content.app.SandboxedProcessService0:0 splits=<none>
10-17 15:10:27.482 25335 25335 I cr_ChildProcessService: Creating new ChildProcessService pid=25335
10-17 15:10:27.564   802   929 D ConnectivityService: requestNetwork for uid/pid:10252/25060 activeRequest: null callbackRequest: 444 [NetworkRequest [ REQUEST id=445, [ Capabilities: INTERNET&NOT_RESTRICTED&TRUSTED&NOT_VCN_MANAGED&NOT_BANDWIDTH_CONSTRAINED Uid: 10252 RequestorUid: 10252 RequestorPkg: com.lorecout.finansapp UnderlyingNetworks: Null] ]] callback flags: 0 order: 2147483647 isUidTracked: false declaredMethods: AVAIL|LOST|NC|LP
10-17 15:10:27.585   802  1029 D ConnectivityService: NetReassign [445 : null ÔåÆ 104] [c 0] [a 1] [i 17]
10-17 15:10:27.619   802   929 D CompatChangeReporter: Compat change id reported: 349487600; UID 10252; state: ENABLED
10-17 15:10:27.702   802  1029 D ConnectivityService: NetReassign [no changes] [c 2] [a 8] [i 11]
10-17 15:10:27.729  4282  4296 W webview_service: Suspending all threads took: 17.770ms
10-17 15:10:27.811  4282  4296 I webview_service: CollectorTransition concurrent mark compact GC freed 620KB AllocSpace bytes, 6(312KB) LOS objects, 49% free, 1719KB/3438KB, paused 39.400ms,31.260ms total 731.647ms
10-17 15:10:27.811  4282  4296 W webview_service: Reducing the number of considered missed Gc histogram windows from 242 to 100
10-17 15:10:28.251 25060 25060 I flutter : ­ƒÄ» AD OPTIMIZER: Otimizador inicializado
10-17 15:10:28.263 25060 25060 I flutter : ­ƒÄ» AD OPTIMIZER: Otimizador inicializado
10-17 15:10:28.265 25060 25060 I flutter : ­ƒÄ» SMART INTERSTITIAL: Servi├ºo inicializado
10-17 15:10:28.277 25060 25060 I flutter : ­ƒÄ» SMART INTERSTITIAL: Carregando intersticial otimizado...
10-17 15:10:28.293 25060 25060 I flutter : ­ƒÄ» AD OPTIMIZER: Usando interstitial ID: ca-app-pub-3940256099942544/1033173712
10-17 15:10:29.032 25060 25383 D DynamitePackage: Instantiating com.google.android.gms.ads.ChimeraAdManagerCreatorImpl
10-17 15:10:29.049   802  1092 D BackgroundInstallControlService: Package event received: 0
10-17 15:10:29.410   802  1092 D BackgroundInstallControlService: Package event received: 0
10-17 15:10:29.491   802  2085 D ConnectivityService: requestNetwork for uid/pid:10252/25060 activeRequest: null callbackRequest: 447 [NetworkRequest [ REQUEST id=448, [ Capabilities: INTERNET&NOT_RESTRICTED&TRUSTED&NOT_VCN_MANAGED&NOT_BANDWIDTH_CONSTRAINED Uid: 10252 RequestorUid: 10252 RequestorPkg: com.lorecout.finansapp UnderlyingNetworks: Null] ]] callback flags: 0 order: 2147483647 isUidTracked: false declaredMethods: AVAIL|LOST|NC
10-17 15:10:29.506   802  1029 D ConnectivityService: NetReassign [448 : null ÔåÆ 104] [c 5] [a 2] [i 7]
10-17 15:10:29.648   802  2301 D ConnectivityService: requestNetwork for uid/pid:10252/25060 activeRequest: null callbackRequest: 449 [NetworkRequest [ REQUEST id=450, [ Capabilities: INTERNET&NOT_RESTRICTED&TRUSTED&NOT_VCN_MANAGED&NOT_BANDWIDTH_CONSTRAINED Uid: 10252 RequestorUid: 10252 RequestorPkg: com.lorecout.finansapp UnderlyingNetworks: Null] ]] callback flags: 0 order: 2147483647 isUidTracked: false declaredMethods: AVAIL|LOST|NC
10-17 15:10:29.663   802  1029 D ConnectivityService: NetReassign [450 : null ÔåÆ 104] [c 0] [a 1] [i 11]
10-17 15:10:31.793   802  1092 D BackgroundInstallControlService: Package event received: 0
10-17 15:10:32.149   802  2085 D ConnectivityService: Returning UNBLOCKED NetworkInfo to uid=10252
10-17 15:10:34.244   802  1029 D InetDiagMessage: Destroyed 0 sockets, proto=IPPROTO_TCP, family=AF_INET, states=14
10-17 15:10:34.245   802  1029 D InetDiagMessage: Destroyed 0 sockets, proto=IPPROTO_TCP, family=AF_INET6, states=14
10-17 15:10:34.246   802  1029 D InetDiagMessage: Destroyed live tcp sockets for uids={10168} in 2ms
10-17 15:10:34.246   802  1029 D InetDiagMessage: Destroyed 0 sockets, proto=IPPROTO_TCP, family=AF_INET, states=14
10-17 15:10:34.248   802  1029 D InetDiagMessage: Destroyed 0 sockets, proto=IPPROTO_TCP, family=AF_INET6, states=14
10-17 15:10:34.248   802  1029 D InetDiagMessage: Destroyed live tcp sockets for uids={20168} in 3ms
10-17 15:10:34.543   802  1092 D BackgroundInstallControlService: Package event received: 0
10-17 15:10:34.706 25060 25060 I chromium: [INFO:CONSOLE:997] "The jsLoaded GMSG has been sent", source: https://googleads.g.doubleclick.net/mads/static/sdk/native/sdk-core-v40.html (997)
10-17 15:10:35.899  7922  7922 I Ads     : Received log message: <Google:HTML> You are currently using version 253405999.244410000.1 of the SDK, which is out of date. Please consider updating your SDK to the most recent SDK version to get the latest features and bug fixes. The latest SDK can be installed from https://goo.gle/android-install-instructions. More information about the SDK deprecation schedule is available at https://developers.google.com/admob/android/deprecation.
10-17 15:10:38.438   802  1092 D BackgroundInstallControlService: Package event received: 0
10-17 15:10:39.127   802   970 D ActivityManager: freezing 4282 com.google.android.webview:webview_service
10-17 15:10:39.169   802  1029 D InetDiagMessage: Destroyed 0 sockets, proto=IPPROTO_TCP, family=AF_INET, states=14
10-17 15:10:39.169 25060 25060 I chromium: [INFO:CONSOLE:997] "The jsLoaded GMSG has been sent", source: https://googleads.g.doubleclick.net/mads/static/sdk/native/sdk-core-v40.html (997)
10-17 15:10:39.169   802  1029 D InetDiagMessage: Destroyed 0 sockets, proto=IPPROTO_TCP, family=AF_INET6, states=14
10-17 15:10:39.170   802  1029 D InetDiagMessage: Destroyed live tcp sockets for uids={10168} in 3ms
10-17 15:10:40.650   802  1019 D NetworkStatsObservers: Registering observer for RequestInfo from pid/uid:802/1000(android) for DataUsageRequest [ requestId=38, networkTemplate=NetworkTemplate: matchRule=MOBILE, matchSubscriberIds=[310260...], matchWifiNetworkKeys=[], metered=YES, defaultNetwork=NO, thresholdInBytes=6802969 ] accessLevel:3
10-17 15:10:40.652   802  1153 D NetworkStatsObservers: Unregistering RequestInfo from pid/uid:802/1000(android) for DataUsageRequest [ requestId=37, networkTemplate=NetworkTemplate: matchRule=MOBILE, matchSubscriberIds=[310260...], matchWifiNetworkKeys=[], metered=YES, defaultNetwork=NO, thresholdInBytes=6803452 ] accessLevel:3
10-17 15:10:41.178 25060 25489 D AudioSystem: getService: checking for service media.audio_flinger: 0x78c043bc48e0
10-17 15:10:41.619 25060 25489 D AudioSystem: onNewService: media.audio_policy service obtained 0x78c043bab9d0
10-17 15:10:41.623 25060 25489 D AudioSystem: getService: checking for service media.audio_policy: 0x78c043bab9d0
10-17 15:10:42.043 25060 25060 I DynamiteModule: Considering local module com.google.android.gms.ads.dynamite:0 and remote module com.google.android.gms.ads.dynamite:253405700
10-17 15:10:42.046 25060 25060 I DynamiteModule: Selected remote version of com.google.android.gms.ads.dynamite, version >= 253405700
10-17 15:10:42.187 25060 25060 I chromium: [INFO:CONSOLE:26] "Uncaught TypeError: Cannot read properties of null (reading 's')", source: https://pagead2.googlesyndication.com/omsdk/releases/live/omsdk-v1.js (26)
10-17 15:10:42.288 25060 25060 I flutter : Ô£à AD OPTIMIZER: Sucesso registrado para ca-app-pub-3940256099942544/1033173712 (interstitial)
10-17 15:10:42.292 25060 25060 I flutter : Ô£à SMART INTERSTITIAL: Intersticial carregado!
10-17 15:10:42.332 25060 25060 I flutter : ­ƒÄ» SMART REWARDED: Carregando rewarded otimizado...
10-17 15:10:42.335 25060 25060 I flutter : ­ƒÄ» AD OPTIMIZER: Usando rewarded ID: ca-app-pub-3940256099942544/5224354917
10-17 15:10:42.419 25060 25383 I DynamiteModule: Considering local module com.google.android.gms.ads.dynamite:0 and remote module com.google.android.gms.ads.dynamite:253405700
10-17 15:10:42.419 25060 25383 I DynamiteModule: Selected remote version of com.google.android.gms.ads.dynamite, version >= 253405700
10-17 15:10:42.422 25060 25383 V DynamiteModule: Dynamite loader version >= 2, using loadModule2NoCrashUtils
10-17 15:10:42.814 25060 25501 D CCodecConfig: read media type: audio/mp4a-latm
10-17 15:10:42.873 25060 25501 D ReflectedParamUpdater: extent() != 1 for single value type: algo.buffers.max-count.values
10-17 15:10:42.878 25060 25501 D ReflectedParamUpdater: extent() != 1 for single value type: output.subscribed-indices.values
10-17 15:10:42.878 25060 25501 D ReflectedParamUpdater: extent() != 1 for single value type: input.buffers.allocator-ids.values
10-17 15:10:42.879 25060 25501 D ReflectedParamUpdater: extent() != 1 for single value type: output.buffers.allocator-ids.values
10-17 15:10:42.879 25060 25501 D ReflectedParamUpdater: extent() != 1 for single value type: algo.buffers.allocator-ids.values
10-17 15:10:42.880 25060 25501 D ReflectedParamUpdater: extent() != 1 for single value type: output.buffers.pool-ids.values
10-17 15:10:42.880 25060 25501 D ReflectedParamUpdater: extent() != 1 for single value type: algo.buffers.pool-ids.values
10-17 15:10:43.116   619 10166 E Codec2-ComponentInterface: We have a failed config
10-17 15:10:43.210   802  1282 W IPCThreadState: Sending oneway calls to frozen process.
10-17 15:10:43.254   482   482 I GoldfishComponentStore: in init
10-17 15:10:43.255   482   482 I GoldfishComponentStore: loading dll of path libcodec2_goldfish_vp9dec.so
10-17 15:10:43.297   482   482 I GoldfishComponentStore: Create()
10-17 15:10:43.386   482   482 I GoldfishComponentStore: created interface
10-17 15:10:43.396   482   482 I GoldfishComponentStore: created component
10-17 15:10:43.411 25060 25520 D CCodecConfig: read media type: video/x-vnd.on2.vp9
10-17 15:10:43.423 25060 25520 D ReflectedParamUpdater: extent() != 1 for single value type: algo.buffers.max-count.values
10-17 15:10:43.423 25060 25520 D ReflectedParamUpdater: extent() != 1 for single value type: output.subscribed-indices.values
10-17 15:10:43.423 25060 25520 D ReflectedParamUpdater: extent() != 1 for single value type: input.buffers.allocator-ids.values
10-17 15:10:43.423 25060 25520 D ReflectedParamUpdater: extent() != 1 for single value type: output.buffers.allocator-ids.values
10-17 15:10:43.423 25060 25520 D ReflectedParamUpdater: extent() != 1 for single value type: algo.buffers.allocator-ids.values
10-17 15:10:43.423 25060 25520 D ReflectedParamUpdater: extent() != 1 for single value type: output.buffers.pool-ids.values
10-17 15:10:43.423 25060 25520 D ReflectedParamUpdater: extent() != 1 for single value type: algo.buffers.pool-ids.values
10-17 15:10:43.519 25060 25520 D Codec2-OutputBufferQueue: remote graphic buffer migration 0/0
10-17 15:10:45.239 25060 25537 D CCodecConfig: read media type: audio/mp4a-latm
10-17 15:10:45.253 25060 25537 D ReflectedParamUpdater: extent() != 1 for single value type: algo.buffers.max-count.values
10-17 15:10:45.253 25060 25537 D ReflectedParamUpdater: extent() != 1 for single value type: output.subscribed-indices.values
10-17 15:10:45.253 25060 25537 D ReflectedParamUpdater: extent() != 1 for single value type: input.buffers.allocator-ids.values
10-17 15:10:45.257 25060 25537 D ReflectedParamUpdater: extent() != 1 for single value type: output.buffers.allocator-ids.values
10-17 15:10:45.258 25060 25537 D ReflectedParamUpdater: extent() != 1 for single value type: algo.buffers.allocator-ids.values
10-17 15:10:45.258 25060 25537 D ReflectedParamUpdater: extent() != 1 for single value type: output.buffers.pool-ids.values
10-17 15:10:45.259 25060 25537 D ReflectedParamUpdater: extent() != 1 for single value type: algo.buffers.pool-ids.values
10-17 15:10:45.351   619  1191 E Codec2-ComponentInterface: We have a failed config
10-17 15:10:45.384   802  2085 W IPCThreadState: Sending oneway calls to frozen process.
10-17 15:10:45.409   482   482 I GoldfishComponentStore: created component
10-17 15:10:45.411 25060 25542 D CCodecConfig: read media type: video/x-vnd.on2.vp9
10-17 15:10:45.426 25060 25542 D ReflectedParamUpdater: extent() != 1 for single value type: algo.buffers.max-count.values
10-17 15:10:45.428 25060 25542 D ReflectedParamUpdater: extent() != 1 for single value type: output.subscribed-indices.values
10-17 15:10:45.433 25060 25542 D ReflectedParamUpdater: extent() != 1 for single value type: input.buffers.allocator-ids.values
10-17 15:10:45.433 25060 25542 D ReflectedParamUpdater: extent() != 1 for single value type: output.buffers.allocator-ids.values
10-17 15:10:45.433 25060 25542 D ReflectedParamUpdater: extent() != 1 for single value type: algo.buffers.allocator-ids.values
10-17 15:10:45.433 25060 25542 D ReflectedParamUpdater: extent() != 1 for single value type: output.buffers.pool-ids.values
10-17 15:10:45.434 25060 25542 D ReflectedParamUpdater: extent() != 1 for single value type: algo.buffers.pool-ids.values
10-17 15:10:45.500 25060 25542 D Codec2-OutputBufferQueue: remote graphic buffer migration 0/0
10-17 15:10:45.807 25060 25060 I DynamiteModule: Considering local module com.google.android.gms.ads.dynamite:0 and remote module com.google.android.gms.ads.dynamite:253405700
10-17 15:10:45.807 25060 25060 I DynamiteModule: Selected remote version of com.google.android.gms.ads.dynamite, version >= 253405700
10-17 15:10:45.856 25060 25060 I flutter : Ô£à AD OPTIMIZER: Sucesso registrado para ca-app-pub-3940256099942544/5224354917 (rewarded)
10-17 15:10:45.866 25060 25060 I flutter : Ô£à SMART REWARDED: Rewarded carregado!
10-17 15:10:45.881 25060 25060 I flutter : Ô£à AD INTEGRATION: Todos os servi├ºos inicializados!
10-17 15:10:45.881 25060 25060 I flutter : Ô£à ADS: Inicializados com sucesso
10-17 15:10:54.131   802  1029 D InetDiagMessage: Destroyed 0 sockets, proto=IPPROTO_TCP, family=AF_INET, states=14
10-17 15:10:54.133   802  1029 D InetDiagMessage: Destroyed 0 sockets, proto=IPPROTO_TCP, family=AF_INET6, states=14
10-17 15:10:54.134   802  1029 D InetDiagMessage: Destroyed live tcp sockets for uids={10144} in 4ms

